0
1
3
6
10
15
21
28
36
45
55
66
78
91
105
120
134
151
167
186
202
223
243
257
281
297
314
337
365
393
423
442
474
504
527
547
569
586
604
622
658
676
704
745
787
829
861
899
925
972
1020
1071
1110
1163
1194
1249
1305
1330
1367
1425
1485
1520
1565
1623
1657
1721
1784
1851
1919
1988
2058
2129
2198
2271
2334
2402
2478
2550
2621
2698
2775
2845
2907
2986
3055
3140
3179
3245
3294
3383
3457
3546
3610
3684
3745
3831
3891
3965
4041
4097
