0
1
3
6
10
15
21
28
36
45
55
64
74
87
101
115
131
148
166
185
200
221
236
259
283
308
332
358
378
405
433
453
483
511
545
575
604
641
674
706
727
758
798
838
880
908
935
971
1000
1015
1048
1087
1127
1179
1223
1251
1286
1338
1390
1436
1484
1533
1570
1632
1694
1754
1820
1877
1932
2001
2037
2104
2152
2217
2276
2330
2372
2429
2506
2583
2647
2715
2791
2873
2952
3032
3117
3200
3283
3340
3409
3434
3504
3597
3685
3778
3860
3955
4047
4146
